****************************************
Report : timing
	-path_type full
	-delay_type max
	-max_paths 1
	-sort_by slack
Design : fp_multiplier
Version: S-2021.06-SP1
Date   : Thu Nov 16 11:24:35 2023
****************************************


  Startpoint: a_operand[3]
               (input port clocked by clk)
  Endpoint: result[18] (output port clocked by clk)
  Path Group: clk
  Path Type: max

  Point                                    Incr       Path
  ---------------------------------------------------------------
  clock clk (rise edge)                   0.000      0.000
  clock network delay (ideal)             0.000      0.000
  input external delay                    0.000      0.000 r
  a_operand[3] (in)                       0.000      0.000 r
  U193/ZN (NOR2_X1)                       0.025      0.025 f
  U195/ZN (OAI21_X1)                      0.055      0.080 r
  U199/ZN (AOI21_X1)                      0.042      0.122 f
  U211/ZN (OAI21_X1)                      0.070      0.192 r
  U167/ZN (INV_X1)                        0.040      0.232 f
  U226/ZN (OAI21_X1)                      0.052      0.284 r
  U230/ZN (XNOR2_X1)                      0.067      0.352 r
  U115/Z (BUF_X2)                         0.050      0.402 r
  U135/ZN (AND4_X1)                       0.068      0.469 r
  U120/ZN (AND4_X1)                       0.065      0.534 r
  U125/ZN (AND3_X1)                       0.054      0.588 r
  U402/ZN (XNOR2_X1)                      0.066      0.654 r
  U412/ZN (OAI22_X1)                      0.037      0.691 f
  result[18] (out)                        0.002      0.693 f
  data arrival time                                  0.693

  clock clk (rise edge)                   0.000      0.000
  clock network delay (ideal)             0.000      0.000
  clock reconvergence pessimism           0.000      0.000
  output external delay                   0.000      0.000
  data required time                                 0.000
  ---------------------------------------------------------------
  data required time                                 0.000
  data arrival time                                 -0.693
  ---------------------------------------------------------------
  slack (VIOLATED)                                  -0.693


1
