Information: Updating design information... (UID-85)
 
****************************************
Report : qor
Design : fp_multiplier
Version: S-2021.06-SP1
Date   : Thu Nov 16 11:33:09 2023
****************************************


  Timing Path Group 'clk'
  -----------------------------------
  Levels of Logic:               8.00
  Critical Path Length:          0.42
  Critical Path Slack:          -0.42
  Critical Path Clk Period:      0.00
  Total Negative Slack:         -8.79
  No. of Violating Paths:       23.00
  Worst Hold Violation:          0.00
  Total Hold Violation:          0.00
  No. of Hold Violations:        0.00
  -----------------------------------


  Cell Count
  -----------------------------------
  Hierarchical Cell Count:          0
  Hierarchical Port Count:          0
  Leaf Cell Count:                214
  Buf/Inv Cell Count:              36
  Buf Cell Count:                   5
  Inv Cell Count:                  31
  CT Buf/Inv Cell Count:            0
  Combinational Cell Count:       214
  Sequential Cell Count:            0
  Macro Count:                      0
  -----------------------------------


  Area
  -----------------------------------
  Combinational Area:      209.873999
  Noncombinational Area:     0.000000
  Buf/Inv Area:             20.482000
  Total Buffer Area:             3.99
  Total Inverter Area:          16.49
  Macro/Black Box Area:      0.000000
  Net Area:                  0.000000
  -----------------------------------
  Cell Area:               209.873999
  Design Area:             209.873999


  Design Rules
  -----------------------------------
  Total Number of Nets:           249
  Nets With Violations:             0
  Max Trans Violations:             0
  Max Cap Violations:               0
  -----------------------------------


  Hostname: i80r7node7

  Compile CPU Statistics
  -----------------------------------------
  Resource Sharing:                    0.13
  Logic Optimization:                  1.04
  Mapping Optimization:                6.29
  -----------------------------------------
  Overall Compile Time:                9.39
  Overall Compile Wall Clock Time:     9.71

  --------------------------------------------------------------------

  Design  WNS: 0.42  TNS: 8.79  Number of Violating Paths: 23


  Design (Hold)  WNS: 0.00  TNS: 0.00  Number of Violating Paths: 0

  --------------------------------------------------------------------


1
