****************************************
Report : timing
	-path_type full
	-delay_type max
	-max_paths 1
	-sort_by slack
Design : fp_multiplier
Version: S-2021.06-SP1
Date   : Thu Nov 16 11:33:12 2023
****************************************


  Startpoint: a_operand[27]
               (input port clocked by clk)
  Endpoint: result[19] (output port clocked by clk)
  Path Group: clk
  Path Type: max

  Point                                    Incr       Path
  ---------------------------------------------------------------
  clock clk (rise edge)                   0.000      0.000
  clock network delay (ideal)             0.000      0.000
  input external delay                    0.000      0.000 f
  a_operand[27] (in)                      0.000      0.000 f
  U159/ZN (OR2_X1)                        0.059      0.059 f
  U178/ZN (NAND2_X1)                      0.035      0.094 r
  U189/ZN (NOR2_X1)                       0.029      0.123 f
  U134/ZN (AND2_X1)                       0.045      0.168 f
  U133/ZN (NAND2_X1)                      0.041      0.209 r
  U127/ZN (AND4_X2)                       0.071      0.281 r
  U136/ZN (INV_X1)                        0.028      0.309 f
  U130/ZN (AND2_X2)                       0.043      0.352 f
  U306/ZN (NAND2_X1)                      0.034      0.385 r
  U307/ZN (OAI21_X1)                      0.030      0.415 f
  result[19] (out)                        0.002      0.417 f
  data arrival time                                  0.417

  clock clk (rise edge)                   0.000      0.000
  clock network delay (ideal)             0.000      0.000
  clock reconvergence pessimism           0.000      0.000
  output external delay                   0.000      0.000
  data required time                                 0.000
  ---------------------------------------------------------------
  data required time                                 0.000
  data arrival time                                 -0.417
  ---------------------------------------------------------------
  slack (VIOLATED)                                  -0.417


1
