****************************************
Report : timing
	-path_type full
	-delay_type max
	-max_paths 1
	-sort_by slack
Design : MBM_multiplier
Version: S-2021.06-SP1
Date   : Thu Nov 16 10:48:14 2023
****************************************


  Startpoint: operand_a[9]
               (input port clocked by clk)
  Endpoint: product[38]
               (output port clocked by clk)
  Path Group: clk
  Path Type: max

  Point                                    Incr       Path
  ---------------------------------------------------------------
  clock clk (rise edge)                   0.000      0.000
  clock network delay (ideal)             0.000      0.000
  input external delay                    0.000      0.000 r
  operand_a[9] (in)                       0.000      0.000 r
  U64/ZN (AND2_X2)                        0.046      0.046 r
  U65/ZN (NAND2_X1)                       0.027      0.074 f
  U94/ZN (AND2_X1)                        0.040      0.114 f
  U92/ZN (OR2_X1)                         0.061      0.175 f
  U100/ZN (OAI211_X1)                     0.040      0.215 r
  U172/Z (BUF_X1)                         0.052      0.267 r
  U116/ZN (AOI21_X1)                      0.038      0.305 f
  U226/Z (XOR2_X1)                        0.067      0.372 f
  U227/Z (MUX2_X1)                        0.063      0.435 f
  product[38] (out)                       0.002      0.437 f
  data arrival time                                  0.437

  clock clk (rise edge)                   0.000      0.000
  clock network delay (ideal)             0.000      0.000
  clock reconvergence pessimism           0.000      0.000
  output external delay                   0.000      0.000
  data required time                                 0.000
  ---------------------------------------------------------------
  data required time                                 0.000
  data arrival time                                 -0.437
  ---------------------------------------------------------------
  slack (VIOLATED)                                  -0.437


1
