 
****************************************
Report : timing
        -path full
        -delay max
        -max_paths 1
Design : fp_multiplier
Version: S-2021.06-SP1
Date   : Thu Nov 16 11:39:38 2023
****************************************

Operating Conditions: typical   Library: NangateOpenCellLibrary
Wire Load Model Mode: top

  Startpoint: a_operand[14]
              (input port clocked by clk)
  Endpoint: result[7] (output port clocked by clk)
  Path Group: clk
  Path Type: max

  Des/Clust/Port     Wire Load Model       Library
  ------------------------------------------------
  fp_multiplier      5K_hvratio_1_1        NangateOpenCellLibrary

  Point                                    Incr       Path
  -----------------------------------------------------------
  clock clk (rise edge)                   0.000      0.000
  clock network delay (ideal)             0.000      0.000
  input external delay                    0.000      0.000 r
  a_operand[14] (in)                      0.000      0.000 r
  U138/ZN (INV_X1)                        0.025      0.025 f
  U66/ZN (OR2_X2)                         0.056      0.081 f
  U140/ZN (NAND2_X1)                      0.037      0.118 r
  U149/ZN (OAI211_X1)                     0.038      0.156 f
  U150/ZN (AOI21_X1)                      0.064      0.220 r
  U151/ZN (XNOR2_X1)                      0.075      0.295 r
  U82/ZN (NAND3_X1)                       0.047      0.342 f
  U81/Z (BUF_X1)                          0.053      0.395 f
  U227/ZN (OAI21_X1)                      0.037      0.432 r
  result[7] (out)                         0.002      0.434 r
  data arrival time                                  0.434

  clock clk (rise edge)                   0.000      0.000
  clock network delay (ideal)             0.000      0.000
  output external delay                   0.000      0.000
  data required time                                 0.000
  -----------------------------------------------------------
  data required time                                 0.000
  data arrival time                                 -0.434
  -----------------------------------------------------------
  slack (VIOLATED)                                  -0.434


1
