****************************************
Report : timing
	-path_type full
	-delay_type max
	-max_paths 1
	-sort_by slack
Design : mac_unit
Version: S-2021.06-SP1
Date   : Thu Nov 16 20:02:10 2023
****************************************


  Startpoint: in_a[23] (input port clocked by clk)
  Endpoint: mac_out[18]
               (output port clocked by clk)
  Path Group: clk
  Path Type: max

  Point                                    Incr       Path
  ---------------------------------------------------------------
  clock clk (rise edge)                   0.000      0.000
  clock network delay (ideal)             0.000      0.000
  input external delay                    0.000      0.000 f
  in_a[23] (in)                           0.000      0.000 f
  U614/ZN (OR2_X1)                        0.056      0.056 f
  U701/ZN (OAI21_X1)                      0.049      0.105 r
  U705/ZN (OAI211_X1)                     0.049      0.154 f
  U713/ZN (NAND3_X1)                      0.038      0.192 r
  U554/ZN (AND3_X2)                       0.057      0.249 r
  U721/ZN (XNOR2_X1)                      0.076      0.325 r
  U438/ZN (AND2_X2)                       0.065      0.390 r
  U746/ZN (AOI21_X1)                      0.036      0.426 f
  U747/ZN (OR2_X1)                        0.058      0.484 f
  U477/ZN (AND2_X1)                       0.050      0.533 f
  U770/ZN (NAND2_X1)                      0.039      0.572 r
  U546/ZN (AND3_X2)                       0.063      0.635 r
  U1169/ZN (OAI211_X1)                    0.056      0.692 f
  U1170/ZN (OR2_X2)                       0.075      0.766 f
  U1171/ZN (NOR2_X2)                      0.078      0.845 r
  U1174/ZN (AND2_X2)                      0.125      0.970 r
  U1362/ZN (NAND2_X1)                     0.056      1.025 f
  U636/ZN (NAND4_X1)                      0.050      1.076 r
  U687/Z (BUF_X1)                         0.045      1.121 r
  U1374/ZN (NAND2_X1)                     0.028      1.150 f
  U470/ZN (AND3_X1)                       0.046      1.196 f
  U1376/ZN (OR2_X1)                       0.056      1.252 f
  U1387/ZN (OAI211_X1)                    0.044      1.296 r
  U1389/ZN (NOR2_X1)                      0.033      1.328 f
  U1413/ZN (OAI21_X1)                     0.053      1.381 r
  U1417/ZN (AOI21_X1)                     0.039      1.421 f
  U1486/ZN (OAI21_X1)                     0.054      1.474 r
  U1539/ZN (AOI21_X1)                     0.042      1.516 f
  U1584/ZN (OAI21_X1)                     0.063      1.579 r
  U1603/ZN (AND2_X1)                      0.065      1.643 r
  U544/Z (BUF_X2)                         0.072      1.715 r
  U1766/ZN (NAND2_X1)                     0.040      1.755 f
  U1767/ZN (NAND2_X1)                     0.028      1.783 r
  mac_out[18] (out)                       0.002      1.785 r
  data arrival time                                  1.785

  clock clk (rise edge)                   0.000      0.000
  clock network delay (ideal)             0.000      0.000
  clock reconvergence pessimism           0.000      0.000
  output external delay                   0.000      0.000
  data required time                                 0.000
  ---------------------------------------------------------------
  data required time                                 0.000
  data arrival time                                 -1.785
  ---------------------------------------------------------------
  slack (VIOLATED)                                  -1.785


1
