****************************************
Report : timing
	-path_type full
	-delay_type max
	-max_paths 1
	-sort_by slack
Design : MBM_multiplier
Version: S-2021.06-SP1
Date   : Thu Nov 16 10:52:27 2023
****************************************


  Startpoint: operand_b[19]
               (input port clocked by clk)
  Endpoint: product[43]
               (output port clocked by clk)
  Path Group: clk
  Path Type: max

  Point                                    Incr       Path
  ---------------------------------------------------------------
  clock clk (rise edge)                   0.000      0.000
  clock network delay (ideal)             0.000      0.000
  input external delay                    0.000      0.000 f
  operand_b[19] (in)                      0.000      0.000 f
  U52/ZN (NOR2_X1)                        0.047      0.047 r
  U51/ZN (NOR2_X1)                        0.026      0.073 f
  U60/ZN (OAI211_X1)                      0.041      0.114 r
  U56/ZN (AND2_X1)                        0.058      0.172 r
  U107/ZN (OAI21_X1)                      0.035      0.206 f
  U108/ZN (XNOR2_X1)                      0.058      0.265 f
  U109/Z (MUX2_X1)                        0.065      0.329 f
  product[43] (out)                       0.002      0.331 f
  data arrival time                                  0.331

  clock clk (rise edge)                   0.000      0.000
  clock network delay (ideal)             0.000      0.000
  clock reconvergence pessimism           0.000      0.000
  output external delay                   0.000      0.000
  data required time                                 0.000
  ---------------------------------------------------------------
  data required time                                 0.000
  data arrival time                                 -0.331
  ---------------------------------------------------------------
  slack (VIOLATED)                                  -0.331


1
