****************************************
Report : timing
	-path_type full
	-delay_type max
	-max_paths 1
	-sort_by slack
Design : mitchell_multiplier
Version: T-2022.03-SP5
Date   : Wed Jun  5 16:01:05 2024
****************************************


  Startpoint: operand_b[3]
               (input port clocked by clk)
  Endpoint: product[11]
               (output port clocked by clk)
  Path Group: clk
  Path Type: max

  Point                                    Incr       Path
  ---------------------------------------------------------------
  clock clk (rise edge)                    0.00       0.00
  clock network delay (ideal)              0.00       0.00
  input external delay                     0.00       0.00 f
  operand_b[3] (in)                        0.00       0.00 f
  U197/ZN (OR2_X1)                         0.06       0.06 f
  U199/ZN (NAND3_X1)                       0.03       0.09 r
  U155/ZN (AND2_X1)                        0.05       0.14 r
  U200/ZN (INV_X1)                         0.03       0.17 f
  U214/ZN (OR2_X1)                         0.05       0.23 f
  U122/ZN (NAND3_X1)                       0.04       0.27 r
  U136/ZN (OAI211_X1)                      0.05       0.32 f
  U168/ZN (OR2_X1)                         0.07       0.39 f
  U322/ZN (OR2_X1)                         0.06       0.45 f
  U323/ZN (OAI21_X1)                       0.03       0.48 r
  product[11] (out)                        0.00       0.48 r
  data arrival time                                   0.48

  clock clk (rise edge)                    0.00       0.00
  clock network delay (ideal)              0.00       0.00
  clock reconvergence pessimism            0.00       0.00
  output external delay                    0.00       0.00
  data required time                                  0.00
  ---------------------------------------------------------------
  data required time                                  0.00
  data arrival time                                  -0.48
  ---------------------------------------------------------------
  slack (VIOLATED)                                   -0.48


1
