****************************************
Report : timing
	-path_type full
	-delay_type max
	-max_paths 1
	-sort_by slack
Design : mac_unit
Version: S-2021.06-SP1
Date   : Thu Nov 16 20:32:43 2023
****************************************


  Startpoint: in_a[24] (input port clocked by clk)
  Endpoint: mac_out[18]
               (output port clocked by clk)
  Path Group: clk
  Path Type: max

  Point                                    Incr       Path
  ---------------------------------------------------------------
  clock clk (rise edge)                   0.000      0.000
  clock network delay (ideal)             0.000      0.000
  input external delay                    0.000      0.000 r
  in_a[24] (in)                           0.000      0.000 r
  U605/ZN (OR2_X2)                        0.044      0.044 r
  U502/ZN (OAI21_X1)                      0.039      0.083 f
  U578/ZN (OR2_X1)                        0.058      0.142 f
  U582/ZN (NAND2_X1)                      0.049      0.191 r
  U639/ZN (NAND2_X1)                      0.041      0.231 f
  U638/ZN (NAND2_X1)                      0.033      0.265 r
  U645/ZN (AND2_X2)                       0.059      0.324 r
  U564/ZN (INV_X1)                        0.054      0.378 f
  U741/ZN (OAI21_X1)                      0.048      0.426 r
  U742/ZN (OAI21_X1)                      0.037      0.463 f
  U595/ZN (NAND3_X1)                      0.036      0.499 r
  U449/ZN (AND3_X1)                       0.071      0.570 r
  U647/Z (MUX2_X1)                        0.090      0.660 f
  U510/ZN (AND2_X1)                       0.052      0.712 f
  U512/ZN (INV_X1)                        0.034      0.746 r
  U786/ZN (NAND2_X1)                      0.038      0.784 f
  U878/Z (XOR2_X1)                        0.076      0.860 f
  U882/ZN (OR2_X2)                        0.083      0.943 f
  U372/ZN (INV_X1)                        0.086      1.029 r
  U1054/ZN (NAND2_X1)                     0.041      1.071 f
  U1057/ZN (AND3_X1)                      0.045      1.116 f
  U1058/ZN (OR2_X1)                       0.054      1.170 f
  U1059/ZN (OAI211_X1)                    0.040      1.210 r
  U1061/ZN (NAND2_X1)                     0.038      1.248 f
  U1063/ZN (OAI21_X1)                     0.065      1.313 r
  U1066/ZN (AOI21_X1)                     0.041      1.354 f
  U624/ZN (OAI21_X1)                      0.058      1.412 r
  U459/ZN (AOI21_X1)                      0.044      1.456 f
  U1232/ZN (OAI21_X1)                     0.061      1.517 r
  U1238/ZN (NAND2_X1)                     0.046      1.563 f
  U1291/Z (BUF_X2)                        0.055      1.618 f
  U1302/ZN (OR2_X1)                       0.067      1.685 f
  U1303/ZN (OAI21_X1)                     0.030      1.715 r
  mac_out[18] (out)                       0.002      1.717 r
  data arrival time                                  1.717

  clock clk (rise edge)                   0.000      0.000
  clock network delay (ideal)             0.000      0.000
  clock reconvergence pessimism           0.000      0.000
  output external delay                   0.000      0.000
  data required time                                 0.000
  ---------------------------------------------------------------
  data required time                                 0.000
  data arrival time                                 -1.717
  ---------------------------------------------------------------
  slack (VIOLATED)                                  -1.717


1
