****************************************
Report : timing
	-path_type full
	-delay_type max
	-max_paths 1
	-sort_by slack
Design : mitchell_multiplier
Version: T-2022.03-SP5
Date   : Wed Jun  5 15:21:43 2024
****************************************


  Startpoint: operand_a[21]
               (input port clocked by clk)
  Endpoint: product[45]
               (output port clocked by clk)
  Path Group: clk
  Path Type: max

  Point                                    Incr       Path
  ---------------------------------------------------------------
  clock clk (rise edge)                    0.00       0.00
  clock network delay (ideal)              0.00       0.00
  input external delay                     0.00       0.00 r
  operand_a[21] (in)                       0.00       0.00 r
  U227/ZN (INV_X1)                         0.03       0.03 f
  U219/ZN (OR2_X1)                         0.05       0.08 f
  U224/ZN (NAND2_X1)                       0.03       0.11 r
  U233/ZN (XNOR2_X1)                       0.07       0.18 r
  U270/ZN (AND3_X1)                        0.06       0.24 r
  product[45] (out)                        0.00       0.24 r
  data arrival time                                   0.24

  clock clk (rise edge)                    0.00       0.00
  clock network delay (ideal)              0.00       0.00
  clock reconvergence pessimism            0.00       0.00
  output external delay                    0.00       0.00
  data required time                                  0.00
  ---------------------------------------------------------------
  data required time                                  0.00
  data arrival time                                  -0.24
  ---------------------------------------------------------------
  slack (VIOLATED)                                   -0.24


1
