Information: Updating design information... (UID-85)
 
****************************************
Report : qor
Design : MBM_multiplier
Version: S-2021.06-SP1
Date   : Thu Nov 16 10:53:09 2023
****************************************


  Timing Path Group 'clk'
  -----------------------------------
  Levels of Logic:               6.00
  Critical Path Length:          0.30
  Critical Path Slack:          -0.30
  Critical Path Clk Period:      0.00
  Total Negative Slack:         -2.07
  No. of Violating Paths:        7.00
  Worst Hold Violation:          0.00
  Total Hold Violation:          0.00
  No. of Hold Violations:        0.00
  -----------------------------------


  Cell Count
  -----------------------------------
  Hierarchical Cell Count:          0
  Hierarchical Port Count:          0
  Leaf Cell Count:                 55
  Buf/Inv Cell Count:              12
  Buf Cell Count:                   4
  Inv Cell Count:                   8
  CT Buf/Inv Cell Count:            0
  Combinational Cell Count:        55
  Sequential Cell Count:            0
  Macro Count:                      0
  -----------------------------------


  Area
  -----------------------------------
  Combinational Area:       57.722000
  Noncombinational Area:     0.000000
  Buf/Inv Area:              7.448000
  Total Buffer Area:             3.19
  Total Inverter Area:           4.26
  Macro/Black Box Area:      0.000000
  Net Area:                  0.000000
  -----------------------------------
  Cell Area:                57.722000
  Design Area:              57.722000


  Design Rules
  -----------------------------------
  Total Number of Nets:            67
  Nets With Violations:             0
  Max Trans Violations:             0
  Max Cap Violations:               0
  -----------------------------------


  Hostname: i80r7node7

  Compile CPU Statistics
  -----------------------------------------
  Resource Sharing:                    0.10
  Logic Optimization:                  0.28
  Mapping Optimization:                2.22
  -----------------------------------------
  Overall Compile Time:                4.28
  Overall Compile Wall Clock Time:     4.56

  --------------------------------------------------------------------

  Design  WNS: 0.30  TNS: 2.07  Number of Violating Paths: 7


  Design (Hold)  WNS: 0.00  TNS: 0.00  Number of Violating Paths: 0

  --------------------------------------------------------------------


1
