****************************************
Report : timing
	-path_type full
	-delay_type max
	-max_paths 1
	-sort_by slack
Design : MBM_multiplier
Version: S-2021.06-SP1
Date   : Thu Nov 16 10:53:13 2023
****************************************


  Startpoint: operand_a[21]
               (input port clocked by clk)
  Endpoint: product[43]
               (output port clocked by clk)
  Path Group: clk
  Path Type: max

  Point                                    Incr       Path
  ---------------------------------------------------------------
  clock clk (rise edge)                   0.000      0.000
  clock network delay (ideal)             0.000      0.000
  input external delay                    0.000      0.000 f
  operand_a[21] (in)                      0.000      0.000 f
  U45/ZN (OR2_X1)                         0.060      0.060 f
  U62/ZN (AND2_X1)                        0.040      0.100 f
  U64/ZN (NAND2_X1)                       0.028      0.128 r
  U68/ZN (OAI211_X1)                      0.046      0.174 f
  U79/ZN (INV_X1)                         0.048      0.223 r
  U93/Z (MUX2_X1)                         0.078      0.300 f
  product[43] (out)                       0.002      0.302 f
  data arrival time                                  0.302

  clock clk (rise edge)                   0.000      0.000
  clock network delay (ideal)             0.000      0.000
  clock reconvergence pessimism           0.000      0.000
  output external delay                   0.000      0.000
  data required time                                 0.000
  ---------------------------------------------------------------
  data required time                                 0.000
  data arrival time                                 -0.302
  ---------------------------------------------------------------
  slack (VIOLATED)                                  -0.302


1
