 
****************************************
Report : timing
        -path full
        -delay max
        -max_paths 1
Design : mitchell_multiplier
Version: T-2022.03-SP5
Date   : Wed Jun  5 15:21:11 2024
****************************************

Operating Conditions: typical   Library: NangateOpenCellLibrary
Wire Load Model Mode: top

  Startpoint: operand_b[21]
              (input port clocked by clk)
  Endpoint: product[40]
            (output port clocked by clk)
  Path Group: clk
  Path Type: max

  Des/Clust/Port     Wire Load Model       Library
  ------------------------------------------------
  mitchell_multiplier
                     5K_hvratio_1_1        NangateOpenCellLibrary

  Point                                    Incr       Path
  -----------------------------------------------------------
  clock clk (rise edge)                    0.00       0.00
  clock network delay (ideal)              0.00       0.00
  input external delay                     0.00       0.00 f
  operand_b[21] (in)                       0.00       0.00 f
  U244/ZN (INV_X1)                         0.04       0.04 r
  U228/ZN (OAI21_X2)                       0.05       0.09 f
  U246/ZN (AND2_X1)                        0.04       0.14 f
  U231/ZN (AOI21_X1)                       0.06       0.20 r
  U298/Z (BUF_X1)                          0.05       0.25 r
  U257/ZN (OR2_X1)                         0.05       0.30 r
  U297/ZN (NOR2_X1)                        0.02       0.32 f
  product[40] (out)                        0.00       0.33 f
  data arrival time                                   0.33

  clock clk (rise edge)                    0.00       0.00
  clock network delay (ideal)              0.00       0.00
  output external delay                    0.00       0.00
  data required time                                  0.00
  -----------------------------------------------------------
  data required time                                  0.00
  data arrival time                                  -0.33
  -----------------------------------------------------------
  slack (VIOLATED)                                   -0.33


1
