Information: Updating design information... (UID-85)
 
****************************************
Report : qor
Design : mitchell_multiplier
Version: T-2022.03-SP5
Date   : Wed Jun  5 15:20:38 2024
****************************************


  Timing Path Group 'clk'
  -----------------------------------
  Levels of Logic:               8.00
  Critical Path Length:          0.37
  Critical Path Slack:          -0.37
  Critical Path Clk Period:      0.00
  Total Negative Slack:         -5.26
  No. of Violating Paths:       15.00
  Worst Hold Violation:          0.00
  Total Hold Violation:          0.00
  No. of Hold Violations:        0.00
  -----------------------------------


  Cell Count
  -----------------------------------
  Hierarchical Cell Count:          0
  Hierarchical Port Count:          0
  Leaf Cell Count:                166
  Buf/Inv Cell Count:              37
  Buf Cell Count:                   7
  Inv Cell Count:                  30
  CT Buf/Inv Cell Count:            0
  Combinational Cell Count:       166
  Sequential Cell Count:            0
  Macro Count:                      0
  -----------------------------------


  Area
  -----------------------------------
  Combinational Area:      161.994000
  Noncombinational Area:     0.000000
  Buf/Inv Area:             21.546000
  Total Buffer Area:             5.59
  Total Inverter Area:          15.96
  Macro/Black Box Area:      0.000000
  Net Area:                  0.000000
  -----------------------------------
  Cell Area:               161.994000
  Design Area:             161.994000


  Design Rules
  -----------------------------------
  Total Number of Nets:           177
  Nets With Violations:             0
  Max Trans Violations:             0
  Max Cap Violations:               0
  -----------------------------------


  Hostname: kamino.ceid.upatras.gr

  Compile CPU Statistics
  -----------------------------------------
  Resource Sharing:                    0.30
  Logic Optimization:                  2.15
  Mapping Optimization:                3.24
  -----------------------------------------
  Overall Compile Time:                7.67
  Overall Compile Wall Clock Time:     8.16

  --------------------------------------------------------------------

  Design  WNS: 0.37  TNS: 5.26  Number of Violating Paths: 15


  Design (Hold)  WNS: 0.00  TNS: 0.00  Number of Violating Paths: 0

  --------------------------------------------------------------------


1
