 
****************************************
Report : area
Design : mitchell_multiplier
Version: T-2022.03-SP5
Date   : Wed Jun  5 14:58:53 2024
****************************************

Library(s) Used:

    NangateOpenCellLibrary (File: /home/balaskas/libs/nangate45/db/nangate45.db)

Number of ports:                           96
Number of nets:                          1188
Number of cells:                         1148
Number of combinational cells:           1145
Number of sequential cells:                 0
Number of macros/black boxes:               0
Number of buf/inv:                        200
Number of references:                      35

Combinational area:               1102.570001
Buf/Inv area:                      118.370000
Noncombinational area:               0.000000
Macro/Black Box area:                0.000000
Net Interconnect area:      undefined  (Wire load has zero net area)

Total cell area:                  1102.570001
Total area:                 undefined

Hierarchical area distribution
------------------------------

                                  Global cell area          Local cell area
                                  ------------------  ---------------------------- 
Hierarchical cell                 Absolute   Percent  Combi-     Noncombi-  Black-
                                  Total      Total    national   national   boxes   Design
--------------------------------  ---------  -------  ---------  ---------  ------  ---------
mitchell_multiplier               1102.5700    100.0  1102.5700     0.0000  0.0000  mitchell_multiplier
--------------------------------  ---------  -------  ---------  ---------  ------  ---------
Total                                                 1102.5700     0.0000  0.0000

1
