****************************************
Report : timing
	-path_type full
	-delay_type max
	-max_paths 1
	-sort_by slack
Design : fp_multiplier
Version: S-2021.06-SP1
Date   : Thu Nov 16 11:26:53 2023
****************************************


  Startpoint: a_operand[30]
               (input port clocked by clk)
  Endpoint: result[8] (output port clocked by clk)
  Path Group: clk
  Path Type: max

  Point                                    Incr       Path
  ---------------------------------------------------------------
  clock clk (rise edge)                   0.000      0.000
  clock network delay (ideal)             0.000      0.000
  input external delay                    0.000      0.000 r
  a_operand[30] (in)                      0.000      0.000 r
  U222/ZN (INV_X1)                        0.030      0.030 f
  U215/ZN (NOR2_X1)                       0.053      0.083 r
  U295/ZN (OAI21_X1)                      0.036      0.119 f
  U302/ZN (NAND2_X1)                      0.031      0.149 r
  U306/ZN (NAND3_X1)                      0.035      0.185 f
  U307/ZN (AOI21_X1)                      0.060      0.244 r
  U220/ZN (AND2_X1)                       0.050      0.295 r
  U230/ZN (AND2_X1)                       0.050      0.345 r
  U314/Z (BUF_X2)                         0.058      0.403 r
  U455/ZN (NAND2_X1)                      0.041      0.444 f
  U456/ZN (NAND2_X1)                      0.027      0.471 r
  result[8] (out)                         0.002      0.473 r
  data arrival time                                  0.473

  clock clk (rise edge)                   0.000      0.000
  clock network delay (ideal)             0.000      0.000
  clock reconvergence pessimism           0.000      0.000
  output external delay                   0.000      0.000
  data required time                                 0.000
  ---------------------------------------------------------------
  data required time                                 0.000
  data arrival time                                 -0.473
  ---------------------------------------------------------------
  slack (VIOLATED)                                  -0.473


1
