 
****************************************
Report : timing
        -path full
        -delay max
        -max_paths 1
Design : fp_multiplier
Version: S-2021.06-SP1
Date   : Thu Nov 16 11:26:50 2023
****************************************

Operating Conditions: typical   Library: NangateOpenCellLibrary
Wire Load Model Mode: top

  Startpoint: b_operand[6]
              (input port clocked by clk)
  Endpoint: result[19] (output port clocked by clk)
  Path Group: clk
  Path Type: max

  Des/Clust/Port     Wire Load Model       Library
  ------------------------------------------------
  fp_multiplier      5K_hvratio_1_1        NangateOpenCellLibrary

  Point                                    Incr       Path
  -----------------------------------------------------------
  clock clk (rise edge)                   0.000      0.000
  clock network delay (ideal)             0.000      0.000
  input external delay                    0.000      0.000 r
  b_operand[6] (in)                       0.000      0.000 r
  U197/ZN (OR2_X2)                        0.042      0.042 r
  U196/ZN (NAND3_X1)                      0.040      0.082 f
  U234/ZN (OAI211_X1)                     0.068      0.150 r
  U178/Z (BUF_X1)                         0.058      0.207 r
  U402/ZN (NAND4_X1)                      0.052      0.260 f
  U403/ZN (AND2_X1)                       0.049      0.308 f
  U408/ZN (AND2_X1)                       0.040      0.348 f
  U410/ZN (XNOR2_X1)                      0.060      0.408 f
  U411/ZN (NAND2_X1)                      0.036      0.444 r
  U412/ZN (OAI21_X1)                      0.030      0.474 f
  result[19] (out)                        0.002      0.476 f
  data arrival time                                  0.476

  clock clk (rise edge)                   0.000      0.000
  clock network delay (ideal)             0.000      0.000
  output external delay                   0.000      0.000
  data required time                                 0.000
  -----------------------------------------------------------
  data required time                                 0.000
  data arrival time                                 -0.476
  -----------------------------------------------------------
  slack (VIOLATED)                                  -0.476


1
