 
****************************************
Report : area
Design : mac_unit
Version: S-2021.06-SP1
Date   : Thu Nov 16 20:30:44 2023
****************************************

Library(s) Used:

    NangateOpenCellLibrary (File: /home/balkon00/eda/libs/nangate45/db/nangate45.db)

Number of ports:                          131
Number of nets:                          1129
Number of cells:                         1061
Number of combinational cells:           1061
Number of sequential cells:                 0
Number of macros/black boxes:               0
Number of buf/inv:                        209
Number of references:                      33

Combinational area:               1036.601999
Buf/Inv area:                      123.690000
Noncombinational area:               0.000000
Macro/Black Box area:                0.000000
Net Interconnect area:      undefined  (Wire load has zero net area)

Total cell area:                  1036.601999
Total area:                 undefined

Hierarchical area distribution
------------------------------

                                  Global cell area          Local cell area
                                  ------------------  ---------------------------- 
Hierarchical cell                 Absolute   Percent  Combi-     Noncombi-  Black-
                                  Total      Total    national   national   boxes   Design
--------------------------------  ---------  -------  ---------  ---------  ------  ---------
mac_unit                          1036.6020    100.0  1036.6020     0.0000  0.0000  mac_unit
--------------------------------  ---------  -------  ---------  ---------  ------  ---------
Total                                                 1036.6020     0.0000  0.0000

1
