****************************************
Report : Averaged Power
	-hierarchy
	-verbose
Design : mac_unit
Version: S-2021.06-SP1
Date   : Thu Nov 16 20:46:19 2023
****************************************

Library(s) Used:

    NangateOpenCellLibrary (File: /home/balkon00/eda/libs/nangate45/db/nangate45.db)
    dw_foundation.sldb (File: /Software/synopsys/2021/syn/S-2021.06-SP1/libraries/syn/dw_foundation.sldb)


Operating Conditions: typical   Library: NangateOpenCellLibrary
Wire Load Model Mode: top

Cell               Design       Wire_model  Library       Selection_type
--------------------------------------------------------------------------------
                   mac_unit     5K_hvratio_1_1
                                            NangateOpenCellLibrary
                                                          library default

Power-specific unit information :
    Voltage Units = 1 V
    Capacitance Units = 1 pf
    Time Units = 1 ns
    Dynamic Power Units = 1 W
    Leakage Power Units = 1 W



                                      Int      Switch   Leak     Total
Hierarchy                             Power    Power    Power    Power    %
----------------------------------------------------------------------------------
mac_unit                              5.68e-04 6.39e-04 1.55e-05 1.22e-03 100.0
1
