Information: Updating design information... (UID-85)
 
****************************************
Report : qor
Design : mac_unit
Version: S-2021.06-SP1
Date   : Thu Nov 16 20:26:09 2023
****************************************


  Timing Path Group 'clk'
  -----------------------------------
  Levels of Logic:              33.00
  Critical Path Length:          1.77
  Critical Path Slack:          -1.77
  Critical Path Clk Period:      0.00
  Total Negative Slack:        -57.97
  No. of Violating Paths:       35.00
  Worst Hold Violation:          0.00
  Total Hold Violation:          0.00
  No. of Hold Violations:        0.00
  -----------------------------------


  Cell Count
  -----------------------------------
  Hierarchical Cell Count:          0
  Hierarchical Port Count:          0
  Leaf Cell Count:               1189
  Buf/Inv Cell Count:             239
  Buf Cell Count:                  45
  Inv Cell Count:                 194
  CT Buf/Inv Cell Count:            0
  Combinational Cell Count:      1189
  Sequential Cell Count:            0
  Macro Count:                      0
  -----------------------------------


  Area
  -----------------------------------
  Combinational Area:     1152.577996
  Noncombinational Area:     0.000000
  Buf/Inv Area:            142.576000
  Total Buffer Area:            38.57
  Total Inverter Area:         104.01
  Macro/Black Box Area:      0.000000
  Net Area:                  0.000000
  -----------------------------------
  Cell Area:              1152.577996
  Design Area:            1152.577996


  Design Rules
  -----------------------------------
  Total Number of Nets:          1255
  Nets With Violations:             0
  Max Trans Violations:             0
  Max Cap Violations:               0
  -----------------------------------


  Hostname: i80r7node6

  Compile CPU Statistics
  -----------------------------------------
  Resource Sharing:                    0.25
  Logic Optimization:                 21.14
  Mapping Optimization:               29.56
  -----------------------------------------
  Overall Compile Time:               54.02
  Overall Compile Wall Clock Time:    54.38

  --------------------------------------------------------------------

  Design  WNS: 1.77  TNS: 57.97  Number of Violating Paths: 35


  Design (Hold)  WNS: 0.00  TNS: 0.00  Number of Violating Paths: 0

  --------------------------------------------------------------------


1
