****************************************
Report : timing
	-path_type full
	-delay_type max
	-max_paths 1
	-sort_by slack
Design : mac_unit
Version: S-2021.06-SP1
Date   : Thu Nov 16 20:09:20 2023
****************************************


  Startpoint: in_a[17] (input port clocked by clk)
  Endpoint: mac_out[17]
               (output port clocked by clk)
  Path Group: clk
  Path Type: max

  Point                                    Incr       Path
  ---------------------------------------------------------------
  clock clk (rise edge)                   0.000      0.000
  clock network delay (ideal)             0.000      0.000
  input external delay                    0.000      0.000 f
  in_a[17] (in)                           0.000      0.000 f
  U577/ZN (OR2_X1)                        0.058      0.058 f
  U536/ZN (AOI21_X1)                      0.061      0.119 r
  U869/ZN (OAI211_X1)                     0.051      0.171 f
  U653/Z (BUF_X1)                         0.050      0.221 f
  U446/ZN (OR3_X2)                        0.086      0.307 f
  U880/ZN (OAI211_X1)                     0.053      0.359 r
  U671/ZN (OR2_X1)                        0.052      0.411 r
  U697/ZN (NAND3_X1)                      0.042      0.453 f
  U933/ZN (OAI21_X1)                      0.038      0.491 r
  U934/ZN (OR3_X1)                        0.041      0.532 r
  U590/ZN (AOI211_X1)                     0.034      0.567 f
  U595/ZN (OR4_X1)                        0.131      0.697 f
  U944/ZN (INV_X1)                        0.034      0.732 r
  U591/ZN (AND2_X2)                       0.078      0.809 r
  U1095/Z (MUX2_X1)                       0.096      0.906 f
  U1123/S (FA_X1)                         0.158      1.064 r
  U1124/ZN (INV_X1)                       0.035      1.100 f
  U523/ZN (NAND3_X1)                      0.043      1.142 r
  U1425/Z (BUF_X2)                        0.065      1.207 r
  U1432/ZN (OR2_X1)                       0.047      1.254 r
  U562/ZN (NAND2_X1)                      0.036      1.290 f
  U1434/ZN (NOR2_X1)                      0.057      1.346 r
  U1438/ZN (NOR2_X1)                      0.037      1.384 f
  U596/ZN (AOI21_X2)                      0.068      1.452 r
  U1464/ZN (OAI21_X1)                     0.038      1.490 f
  U1465/ZN (AOI21_X1)                     0.065      1.555 r
  U1649/Z (BUF_X1)                        0.085      1.640 r
  U1664/ZN (OAI21_X1)                     0.050      1.689 f
  U1667/ZN (XNOR2_X1)                     0.062      1.752 r
  U1668/ZN (NAND2_X1)                     0.035      1.787 f
  U1670/ZN (NAND2_X1)                     0.028      1.815 r
  mac_out[17] (out)                       0.002      1.817 r
  data arrival time                                  1.817

  clock clk (rise edge)                   0.000      0.000
  clock network delay (ideal)             0.000      0.000
  clock reconvergence pessimism           0.000      0.000
  output external delay                   0.000      0.000
  data required time                                 0.000
  ---------------------------------------------------------------
  data required time                                 0.000
  data arrival time                                 -1.817
  ---------------------------------------------------------------
  slack (VIOLATED)                                  -1.817


1
