****************************************
Report : timing
	-path_type full
	-delay_type max
	-max_paths 1
	-sort_by slack
Design : fp_multiplier
Version: S-2021.06-SP1
Date   : Thu Nov 16 11:28:53 2023
****************************************


  Startpoint: b_operand[9]
               (input port clocked by clk)
  Endpoint: result[18] (output port clocked by clk)
  Path Group: clk
  Path Type: max

  Point                                    Incr       Path
  ---------------------------------------------------------------
  clock clk (rise edge)                   0.000      0.000
  clock network delay (ideal)             0.000      0.000
  input external delay                    0.000      0.000 f
  b_operand[9] (in)                       0.000      0.000 f
  U183/ZN (OR2_X1)                        0.057      0.057 f
  U202/ZN (AOI21_X1)                      0.037      0.095 r
  U203/ZN (OR2_X1)                        0.043      0.138 r
  U280/ZN (NOR2_X1)                       0.031      0.168 f
  U220/ZN (OR3_X2)                        0.106      0.275 f
  U285/ZN (AOI21_X1)                      0.062      0.337 r
  U288/ZN (XNOR2_X1)                      0.066      0.403 r
  U328/ZN (OR2_X1)                        0.042      0.444 r
  U329/ZN (OAI21_X1)                      0.029      0.474 f
  result[18] (out)                        0.002      0.476 f
  data arrival time                                  0.476

  clock clk (rise edge)                   0.000      0.000
  clock network delay (ideal)             0.000      0.000
  clock reconvergence pessimism           0.000      0.000
  output external delay                   0.000      0.000
  data required time                                 0.000
  ---------------------------------------------------------------
  data required time                                 0.000
  data arrival time                                 -0.476
  ---------------------------------------------------------------
  slack (VIOLATED)                                  -0.476


1
