****************************************
Report : timing
	-path_type full
	-delay_type max
	-max_paths 1
	-sort_by slack
Design : fp_multiplier
Version: S-2021.06-SP1
Date   : Thu Nov 16 11:22:52 2023
****************************************


  Startpoint: b_operand[4]
               (input port clocked by clk)
  Endpoint: result[20] (output port clocked by clk)
  Path Group: clk
  Path Type: max

  Point                                    Incr       Path
  ---------------------------------------------------------------
  clock clk (rise edge)                   0.000      0.000
  clock network delay (ideal)             0.000      0.000
  input external delay                    0.000      0.000 r
  b_operand[4] (in)                       0.000      0.000 r
  U288/ZN (NAND2_X1)                      0.037      0.037 f
  U290/ZN (OAI21_X1)                      0.075      0.113 r
  U294/ZN (AOI21_X1)                      0.040      0.153 f
  U295/ZN (OAI21_X1)                      0.054      0.207 r
  U386/ZN (INV_X1)                        0.043      0.250 f
  U387/ZN (OAI21_X1)                      0.053      0.303 r
  U389/ZN (XNOR2_X1)                      0.068      0.371 r
  U401/ZN (AND3_X1)                       0.065      0.436 r
  U408/ZN (AND4_X2)                       0.073      0.510 r
  U271/Z (BUF_X1)                         0.042      0.552 r
  U456/ZN (AND3_X1)                       0.055      0.607 r
  U464/ZN (XNOR2_X1)                      0.039      0.645 f
  U227/Z (MUX2_X1)                        0.073      0.718 f
  U670/ZN (NOR2_X1)                       0.040      0.758 r
  U267/ZN (AND4_X1)                       0.066      0.825 r
  U672/ZN (NAND4_X1)                      0.044      0.869 f
  U673/ZN (XNOR2_X1)                      0.059      0.928 f
  U674/ZN (AND2_X1)                       0.034      0.962 f
  result[20] (out)                        0.002      0.964 f
  data arrival time                                  0.964

  clock clk (rise edge)                   0.000      0.000
  clock network delay (ideal)             0.000      0.000
  clock reconvergence pessimism           0.000      0.000
  output external delay                   0.000      0.000
  data required time                                 0.000
  ---------------------------------------------------------------
  data required time                                 0.000
  data arrival time                                 -0.964
  ---------------------------------------------------------------
  slack (VIOLATED)                                  -0.964


1
