Information: Updating design information... (UID-85)
 
****************************************
Report : qor
Design : MBM_multiplier
Version: S-2021.06-SP1
Date   : Thu Nov 16 10:51:59 2023
****************************************


  Timing Path Group 'clk'
  -----------------------------------
  Levels of Logic:               7.00
  Critical Path Length:          0.36
  Critical Path Slack:          -0.36
  Critical Path Clk Period:      0.00
  Total Negative Slack:         -3.27
  No. of Violating Paths:       10.00
  Worst Hold Violation:          0.00
  Total Hold Violation:          0.00
  No. of Hold Violations:        0.00
  -----------------------------------


  Cell Count
  -----------------------------------
  Hierarchical Cell Count:          0
  Hierarchical Port Count:          0
  Leaf Cell Count:                 96
  Buf/Inv Cell Count:              15
  Buf Cell Count:                   2
  Inv Cell Count:                  13
  CT Buf/Inv Cell Count:            0
  Combinational Cell Count:        96
  Sequential Cell Count:            0
  Macro Count:                      0
  -----------------------------------


  Area
  -----------------------------------
  Combinational Area:      100.814000
  Noncombinational Area:     0.000000
  Buf/Inv Area:              8.512000
  Total Buffer Area:             1.60
  Total Inverter Area:           6.92
  Macro/Black Box Area:      0.000000
  Net Area:                  0.000000
  -----------------------------------
  Cell Area:               100.814000
  Design Area:             100.814000


  Design Rules
  -----------------------------------
  Total Number of Nets:           114
  Nets With Violations:             0
  Max Trans Violations:             0
  Max Cap Violations:               0
  -----------------------------------


  Hostname: i80r7node7

  Compile CPU Statistics
  -----------------------------------------
  Resource Sharing:                    0.12
  Logic Optimization:                  0.38
  Mapping Optimization:                3.41
  -----------------------------------------
  Overall Compile Time:                5.54
  Overall Compile Wall Clock Time:     5.78

  --------------------------------------------------------------------

  Design  WNS: 0.36  TNS: 3.27  Number of Violating Paths: 10


  Design (Hold)  WNS: 0.00  TNS: 0.00  Number of Violating Paths: 0

  --------------------------------------------------------------------


1
