****************************************
Report : timing
	-path_type full
	-delay_type max
	-max_paths 1
	-sort_by slack
Design : fp_multiplier
Version: S-2021.06-SP1
Date   : Thu Nov 16 11:28:14 2023
****************************************


  Startpoint: a_operand[24]
               (input port clocked by clk)
  Endpoint: result[20] (output port clocked by clk)
  Path Group: clk
  Path Type: max

  Point                                    Incr       Path
  ---------------------------------------------------------------
  clock clk (rise edge)                   0.000      0.000
  clock network delay (ideal)             0.000      0.000
  input external delay                    0.000      0.000 r
  a_operand[24] (in)                      0.000      0.000 r
  U141/ZN (AND2_X2)                       0.047      0.047 r
  U250/ZN (OAI21_X1)                      0.035      0.082 f
  U177/ZN (OR3_X1)                        0.077      0.159 f
  U261/ZN (NAND2_X1)                      0.039      0.198 r
  U218/ZN (OR2_X1)                        0.043      0.241 r
  U187/ZN (AND4_X2)                       0.081      0.322 r
  U326/ZN (NAND2_X1)                      0.056      0.378 f
  U437/ZN (OR2_X1)                        0.070      0.448 f
  U449/ZN (NAND2_X1)                      0.024      0.472 r
  result[20] (out)                        0.002      0.474 r
  data arrival time                                  0.474

  clock clk (rise edge)                   0.000      0.000
  clock network delay (ideal)             0.000      0.000
  clock reconvergence pessimism           0.000      0.000
  output external delay                   0.000      0.000
  data required time                                 0.000
  ---------------------------------------------------------------
  data required time                                 0.000
  data arrival time                                 -0.474
  ---------------------------------------------------------------
  slack (VIOLATED)                                  -0.474


1
