 
****************************************
Report : timing
        -path full
        -delay max
        -max_paths 1
Design : MBM_multiplier
Version: S-2021.06-SP1
Date   : Thu Nov 16 10:52:46 2023
****************************************

Operating Conditions: typical   Library: NangateOpenCellLibrary
Wire Load Model Mode: top

  Startpoint: operand_b[20]
              (input port clocked by clk)
  Endpoint: product[42]
            (output port clocked by clk)
  Path Group: clk
  Path Type: max

  Des/Clust/Port     Wire Load Model       Library
  ------------------------------------------------
  MBM_multiplier     5K_hvratio_1_1        NangateOpenCellLibrary

  Point                                    Incr       Path
  -----------------------------------------------------------
  clock clk (rise edge)                   0.000      0.000
  clock network delay (ideal)             0.000      0.000
  input external delay                    0.000      0.000 f
  operand_b[20] (in)                      0.000      0.000 f
  U50/ZN (OR2_X1)                         0.059      0.059 f
  U64/ZN (NAND2_X1)                       0.027      0.087 r
  U89/ZN (AND2_X1)                        0.041      0.128 r
  U90/ZN (OAI21_X1)                       0.036      0.163 f
  U93/ZN (XNOR2_X1)                       0.061      0.224 f
  U94/ZN (OR2_X1)                         0.056      0.281 f
  U95/ZN (OAI21_X1)                       0.030      0.311 r
  product[42] (out)                       0.002      0.313 r
  data arrival time                                  0.313

  clock clk (rise edge)                   0.000      0.000
  clock network delay (ideal)             0.000      0.000
  output external delay                   0.000      0.000
  data required time                                 0.000
  -----------------------------------------------------------
  data required time                                 0.000
  data arrival time                                 -0.313
  -----------------------------------------------------------
  slack (VIOLATED)                                  -0.313


1
