****************************************
Report : timing
	-path_type full
	-delay_type max
	-max_paths 1
	-sort_by slack
Design : MBM_multiplier
Version: S-2021.06-SP1
Date   : Thu Nov 16 10:46:32 2023
****************************************


  Startpoint: operand_b[4]
               (input port clocked by clk)
  Endpoint: product[26]
               (output port clocked by clk)
  Path Group: clk
  Path Type: max

  Point                                    Incr       Path
  ---------------------------------------------------------------
  clock clk (rise edge)                   0.000      0.000
  clock network delay (ideal)             0.000      0.000
  input external delay                    0.000      0.000 r
  operand_b[4] (in)                       0.000      0.000 r
  U95/ZN (NAND2_X1)                       0.037      0.037 f
  U78/ZN (OAI21_X1)                       0.056      0.093 r
  U101/ZN (AOI21_X1)                      0.035      0.128 f
  U114/ZN (OAI21_X1)                      0.068      0.197 r
  U75/ZN (AOI21_X1)                       0.046      0.243 f
  U64/ZN (OAI21_X1)                       0.058      0.301 r
  U56/Z (BUF_X1)                          0.070      0.371 r
  U160/Z (MUX2_X1)                        0.082      0.453 f
  product[26] (out)                       0.002      0.455 f
  data arrival time                                  0.455

  clock clk (rise edge)                   0.000      0.000
  clock network delay (ideal)             0.000      0.000
  clock reconvergence pessimism           0.000      0.000
  output external delay                   0.000      0.000
  data required time                                 0.000
  ---------------------------------------------------------------
  data required time                                 0.000
  data arrival time                                 -0.455
  ---------------------------------------------------------------
  slack (VIOLATED)                                  -0.455


1
