Information: Updating design information... (UID-85)
 
****************************************
Report : qor
Design : MBM_multiplier
Version: S-2021.06-SP1
Date   : Thu Nov 16 10:46:29 2023
****************************************


  Timing Path Group 'clk'
  -----------------------------------
  Levels of Logic:               9.00
  Critical Path Length:          0.46
  Critical Path Slack:          -0.46
  Critical Path Clk Period:      0.00
  Total Negative Slack:         -9.38
  No. of Violating Paths:       21.00
  Worst Hold Violation:          0.00
  Total Hold Violation:          0.00
  No. of Hold Violations:        0.00
  -----------------------------------


  Cell Count
  -----------------------------------
  Hierarchical Cell Count:          0
  Hierarchical Port Count:          0
  Leaf Cell Count:                219
  Buf/Inv Cell Count:              46
  Buf Cell Count:                  12
  Inv Cell Count:                  34
  CT Buf/Inv Cell Count:            0
  Combinational Cell Count:       219
  Sequential Cell Count:            0
  Macro Count:                      0
  -----------------------------------


  Area
  -----------------------------------
  Combinational Area:      213.863998
  Noncombinational Area:     0.000000
  Buf/Inv Area:             27.930000
  Total Buffer Area:             9.84
  Total Inverter Area:          18.09
  Macro/Black Box Area:      0.000000
  Net Area:                  0.000000
  -----------------------------------
  Cell Area:               213.863998
  Design Area:             213.863998


  Design Rules
  -----------------------------------
  Total Number of Nets:           259
  Nets With Violations:             0
  Max Trans Violations:             0
  Max Cap Violations:               0
  -----------------------------------


  Hostname: i80r7node7

  Compile CPU Statistics
  -----------------------------------------
  Resource Sharing:                    0.09
  Logic Optimization:                  0.49
  Mapping Optimization:                4.49
  -----------------------------------------
  Overall Compile Time:                6.84
  Overall Compile Wall Clock Time:     7.11

  --------------------------------------------------------------------

  Design  WNS: 0.46  TNS: 9.38  Number of Violating Paths: 21


  Design (Hold)  WNS: 0.00  TNS: 0.00  Number of Violating Paths: 0

  --------------------------------------------------------------------


1
