****************************************
Report : timing
	-path_type full
	-delay_type max
	-max_paths 1
	-sort_by slack
Design : fp_multiplier
Version: S-2021.06-SP1
Date   : Thu Nov 16 11:26:11 2023
****************************************


  Startpoint: a_operand[11]
               (input port clocked by clk)
  Endpoint: result[20] (output port clocked by clk)
  Path Group: clk
  Path Type: max

  Point                                    Incr       Path
  ---------------------------------------------------------------
  clock clk (rise edge)                   0.000      0.000
  clock network delay (ideal)             0.000      0.000
  input external delay                    0.000      0.000 r
  a_operand[11] (in)                      0.000      0.000 r
  U272/ZN (NOR2_X1)                       0.026      0.026 f
  U273/ZN (NOR2_X1)                       0.055      0.082 r
  U274/ZN (NAND2_X1)                      0.035      0.117 f
  U282/ZN (OAI21_X1)                      0.057      0.173 r
  U220/ZN (INV_X1)                        0.030      0.204 f
  U219/ZN (OAI211_X1)                     0.047      0.250 r
  U169/ZN (INV_X1)                        0.034      0.285 f
  U447/ZN (OAI21_X1)                      0.051      0.335 r
  U449/ZN (XNOR2_X1)                      0.069      0.404 r
  U458/ZN (NAND2_X1)                      0.034      0.438 f
  U459/ZN (NAND2_X1)                      0.028      0.466 r
  result[20] (out)                        0.002      0.468 r
  data arrival time                                  0.468

  clock clk (rise edge)                   0.000      0.000
  clock network delay (ideal)             0.000      0.000
  clock reconvergence pessimism           0.000      0.000
  output external delay                   0.000      0.000
  data required time                                 0.000
  ---------------------------------------------------------------
  data required time                                 0.000
  data arrival time                                 -0.468
  ---------------------------------------------------------------
  slack (VIOLATED)                                  -0.468


1
