Information: Updating design information... (UID-85)
 
****************************************
Report : qor
Design : fp_multiplier
Version: S-2021.06-SP1
Date   : Thu Nov 16 11:30:07 2023
****************************************


  Timing Path Group 'clk'
  -----------------------------------
  Levels of Logic:               9.00
  Critical Path Length:          0.43
  Critical Path Slack:          -0.43
  Critical Path Clk Period:      0.00
  Total Negative Slack:        -11.36
  No. of Violating Paths:       28.00
  Worst Hold Violation:          0.00
  Total Hold Violation:          0.00
  No. of Hold Violations:        0.00
  -----------------------------------


  Cell Count
  -----------------------------------
  Hierarchical Cell Count:          0
  Hierarchical Port Count:          0
  Leaf Cell Count:                313
  Buf/Inv Cell Count:              49
  Buf Cell Count:                   9
  Inv Cell Count:                  40
  CT Buf/Inv Cell Count:            0
  Combinational Cell Count:       313
  Sequential Cell Count:            0
  Macro Count:                      0
  -----------------------------------


  Area
  -----------------------------------
  Combinational Area:      306.431999
  Noncombinational Area:     0.000000
  Buf/Inv Area:             28.462000
  Total Buffer Area:             7.18
  Total Inverter Area:          21.28
  Macro/Black Box Area:      0.000000
  Net Area:                  0.000000
  -----------------------------------
  Cell Area:               306.431999
  Design Area:             306.431999


  Design Rules
  -----------------------------------
  Total Number of Nets:           358
  Nets With Violations:             0
  Max Trans Violations:             0
  Max Cap Violations:               0
  -----------------------------------


  Hostname: i80r7node7

  Compile CPU Statistics
  -----------------------------------------
  Resource Sharing:                    0.14
  Logic Optimization:                  1.87
  Mapping Optimization:                5.71
  -----------------------------------------
  Overall Compile Time:                9.69
  Overall Compile Wall Clock Time:     9.99

  --------------------------------------------------------------------

  Design  WNS: 0.43  TNS: 11.36  Number of Violating Paths: 28


  Design (Hold)  WNS: 0.00  TNS: 0.00  Number of Violating Paths: 0

  --------------------------------------------------------------------


1
