Information: Updating design information... (UID-85)
 
****************************************
Report : qor
Design : mac_unit
Version: S-2021.06-SP1
Date   : Thu Nov 16 20:50:52 2023
****************************************


  Timing Path Group 'clk'
  -----------------------------------
  Levels of Logic:              27.00
  Critical Path Length:          1.42
  Critical Path Slack:          -1.42
  Critical Path Clk Period:      0.00
  Total Negative Slack:        -23.95
  No. of Violating Paths:       19.00
  Worst Hold Violation:          0.00
  Total Hold Violation:          0.00
  No. of Hold Violations:        0.00
  -----------------------------------


  Cell Count
  -----------------------------------
  Hierarchical Cell Count:          0
  Hierarchical Port Count:          0
  Leaf Cell Count:                599
  Buf/Inv Cell Count:             123
  Buf Cell Count:                  15
  Inv Cell Count:                 108
  CT Buf/Inv Cell Count:            0
  Combinational Cell Count:       599
  Sequential Cell Count:            0
  Macro Count:                      0
  -----------------------------------


  Area
  -----------------------------------
  Combinational Area:      610.736000
  Noncombinational Area:     0.000000
  Buf/Inv Area:             69.692000
  Total Buffer Area:            12.24
  Total Inverter Area:          57.46
  Macro/Black Box Area:      0.000000
  Net Area:                  0.000000
  -----------------------------------
  Cell Area:               610.736000
  Design Area:             610.736000


  Design Rules
  -----------------------------------
  Total Number of Nets:           635
  Nets With Violations:             0
  Max Trans Violations:             0
  Max Cap Violations:               0
  -----------------------------------


  Hostname: i80r7node6

  Compile CPU Statistics
  -----------------------------------------
  Resource Sharing:                    0.15
  Logic Optimization:                 10.39
  Mapping Optimization:               13.51
  -----------------------------------------
  Overall Compile Time:               26.36
  Overall Compile Wall Clock Time:    26.69

  --------------------------------------------------------------------

  Design  WNS: 1.42  TNS: 23.95  Number of Violating Paths: 19


  Design (Hold)  WNS: 0.00  TNS: 0.00  Number of Violating Paths: 0

  --------------------------------------------------------------------


1
