 
****************************************
Report : area
Design : mac_unit
Version: S-2021.06-SP1
Date   : Thu Nov 16 13:12:43 2023
****************************************

Library(s) Used:

    NangateOpenCellLibrary (File: /home/balkon00/eda/libs/nangate45/db/nangate45.db)

Number of ports:                          131
Number of nets:                           939
Number of cells:                          883
Number of combinational cells:            883
Number of sequential cells:                 0
Number of macros/black boxes:               0
Number of buf/inv:                        196
Number of references:                      31

Combinational area:                855.987999
Buf/Inv area:                      118.636000
Noncombinational area:               0.000000
Macro/Black Box area:                0.000000
Net Interconnect area:      undefined  (Wire load has zero net area)

Total cell area:                   855.987999
Total area:                 undefined

Hierarchical area distribution
------------------------------

                                  Global cell area          Local cell area
                                  ------------------  --------------------------- 
Hierarchical cell                 Absolute   Percent  Combi-    Noncombi-  Black-
                                  Total      Total    national  national   boxes   Design
--------------------------------  ---------  -------  --------  ---------  ------  ---------
mac_unit                           855.9880    100.0  855.9880     0.0000  0.0000  mac_unit
--------------------------------  ---------  -------  --------  ---------  ------  ---------
Total                                                 855.9880     0.0000  0.0000

1
