****************************************
Report : timing
	-path_type full
	-delay_type max
	-max_paths 1
	-sort_by slack
Design : mitchell_multiplier
Version: T-2022.03-SP5
Date   : Wed Jun  5 15:14:34 2024
****************************************


  Startpoint: operand_a[13]
               (input port clocked by clk)
  Endpoint: product[36]
               (output port clocked by clk)
  Path Group: clk
  Path Type: max

  Point                                    Incr       Path
  ---------------------------------------------------------------
  clock clk (rise edge)                    0.00       0.00
  clock network delay (ideal)              0.00       0.00
  input external delay                     0.00       0.00 r
  operand_a[13] (in)                       0.00       0.00 r
  U546/ZN (INV_X1)                         0.02       0.02 f
  U547/ZN (NOR2_X1)                        0.03       0.05 r
  U548/ZN (AND2_X1)                        0.04       0.10 r
  U550/ZN (OAI211_X1)                      0.04       0.13 f
  U551/ZN (OAI211_X2)                      0.07       0.21 r
  U486/Z (BUF_X1)                          0.06       0.26 r
  U563/Z (MUX2_X1)                         0.08       0.34 f
  U364/ZN (OR2_X1)                         0.06       0.41 f
  U363/ZN (OAI21_X1)                       0.06       0.46 r
  U589/ZN (OAI22_X1)                       0.04       0.50 f
  U590/Z (BUF_X1)                          0.05       0.55 f
  U817/ZN (OR3_X1)                         0.08       0.63 f
  U818/ZN (NAND2_X1)                       0.03       0.66 r
  U830/ZN (OAI211_X1)                      0.03       0.69 f
  product[36] (out)                        0.00       0.69 f
  data arrival time                                   0.69

  clock clk (rise edge)                    0.00       0.00
  clock network delay (ideal)              0.00       0.00
  clock reconvergence pessimism            0.00       0.00
  output external delay                    0.00       0.00
  data required time                                  0.00
  ---------------------------------------------------------------
  data required time                                  0.00
  data arrival time                                  -0.69
  ---------------------------------------------------------------
  slack (VIOLATED)                                   -0.69


1
