Information: Updating design information... (UID-85)
 
****************************************
Report : qor
Design : mac_unit
Version: S-2021.06-SP1
Date   : Thu Nov 16 20:23:58 2023
****************************************


  Timing Path Group 'clk'
  -----------------------------------
  Levels of Logic:              32.00
  Critical Path Length:          1.77
  Critical Path Slack:          -1.77
  Critical Path Clk Period:      0.00
  Total Negative Slack:        -57.61
  No. of Violating Paths:       35.00
  Worst Hold Violation:          0.00
  Total Hold Violation:          0.00
  No. of Hold Violations:        0.00
  -----------------------------------


  Cell Count
  -----------------------------------
  Hierarchical Cell Count:          0
  Hierarchical Port Count:          0
  Leaf Cell Count:               1115
  Buf/Inv Cell Count:             240
  Buf Cell Count:                  42
  Inv Cell Count:                 198
  CT Buf/Inv Cell Count:            0
  Combinational Cell Count:      1115
  Sequential Cell Count:            0
  Macro Count:                      0
  -----------------------------------


  Area
  -----------------------------------
  Combinational Area:     1117.200002
  Noncombinational Area:     0.000000
  Buf/Inv Area:            141.246000
  Total Buffer Area:            35.91
  Total Inverter Area:         105.34
  Macro/Black Box Area:      0.000000
  Net Area:                  0.000000
  -----------------------------------
  Cell Area:              1117.200002
  Design Area:            1117.200002


  Design Rules
  -----------------------------------
  Total Number of Nets:          1189
  Nets With Violations:             0
  Max Trans Violations:             0
  Max Cap Violations:               0
  -----------------------------------


  Hostname: i80r7node6

  Compile CPU Statistics
  -----------------------------------------
  Resource Sharing:                    0.28
  Logic Optimization:                 24.80
  Mapping Optimization:               23.44
  -----------------------------------------
  Overall Compile Time:               51.49
  Overall Compile Wall Clock Time:    51.84

  --------------------------------------------------------------------

  Design  WNS: 1.77  TNS: 57.61  Number of Violating Paths: 35


  Design (Hold)  WNS: 0.00  TNS: 0.00  Number of Violating Paths: 0

  --------------------------------------------------------------------


1
