****************************************
Report : timing
	-path_type full
	-delay_type max
	-max_paths 1
	-sort_by slack
Design : MBM_multiplier
Version: S-2021.06-SP1
Date   : Thu Nov 16 10:48:46 2023
****************************************


  Startpoint: operand_b[13]
               (input port clocked by clk)
  Endpoint: product[42]
               (output port clocked by clk)
  Path Group: clk
  Path Type: max

  Point                                    Incr       Path
  ---------------------------------------------------------------
  clock clk (rise edge)                   0.000      0.000
  clock network delay (ideal)             0.000      0.000
  input external delay                    0.000      0.000 f
  operand_b[13] (in)                      0.000      0.000 f
  U90/ZN (OR2_X2)                         0.066      0.066 f
  U96/ZN (NAND2_X1)                       0.037      0.103 r
  U97/ZN (NOR2_X1)                        0.028      0.131 f
  U105/ZN (NAND2_X1)                      0.032      0.163 r
  U148/ZN (NAND2_X1)                      0.035      0.198 f
  U61/ZN (OR2_X2)                         0.059      0.257 f
  U236/ZN (AOI211_X1)                     0.071      0.328 r
  U239/ZN (XNOR2_X1)                      0.070      0.399 r
  U240/Z (MUX2_X1)                        0.046      0.444 r
  product[42] (out)                       0.002      0.446 r
  data arrival time                                  0.446

  clock clk (rise edge)                   0.000      0.000
  clock network delay (ideal)             0.000      0.000
  clock reconvergence pessimism           0.000      0.000
  output external delay                   0.000      0.000
  data required time                                 0.000
  ---------------------------------------------------------------
  data required time                                 0.000
  data arrival time                                 -0.446
  ---------------------------------------------------------------
  slack (VIOLATED)                                  -0.446


1
