****************************************
Report : timing
	-path_type full
	-delay_type max
	-max_paths 1
	-sort_by slack
Design : fp_multiplier
Version: S-2021.06-SP1
Date   : Thu Nov 16 11:40:12 2023
****************************************


  Startpoint: b_operand[14]
               (input port clocked by clk)
  Endpoint: result[4] (output port clocked by clk)
  Path Group: clk
  Path Type: max

  Point                                    Incr       Path
  ---------------------------------------------------------------
  clock clk (rise edge)                   0.000      0.000
  clock network delay (ideal)             0.000      0.000
  input external delay                    0.000      0.000 r
  b_operand[14] (in)                      0.000      0.000 r
  U133/ZN (INV_X1)                        0.024      0.024 f
  U94/ZN (AND2_X1)                        0.039      0.063 f
  U109/ZN (OAI21_X1)                      0.068      0.131 r
  U135/ZN (AOI21_X1)                      0.045      0.176 f
  U104/ZN (NAND2_X1)                      0.041      0.216 r
  U100/ZN (AND2_X1)                       0.050      0.267 r
  U54/ZN (AND3_X2)                        0.067      0.334 r
  U169/ZN (NAND2_X1)                      0.035      0.369 f
  U171/ZN (NAND2_X1)                      0.024      0.393 r
  result[4] (out)                         0.002      0.395 r
  data arrival time                                  0.395

  clock clk (rise edge)                   0.000      0.000
  clock network delay (ideal)             0.000      0.000
  clock reconvergence pessimism           0.000      0.000
  output external delay                   0.000      0.000
  data required time                                 0.000
  ---------------------------------------------------------------
  data required time                                 0.000
  data arrival time                                 -0.395
  ---------------------------------------------------------------
  slack (VIOLATED)                                  -0.395


1
