Information: Updating design information... (UID-85)
 
****************************************
Report : qor
Design : mitchell_multiplier
Version: T-2022.03-SP5
Date   : Wed Jun  5 16:02:43 2024
****************************************


  Timing Path Group 'clk'
  -----------------------------------
  Levels of Logic:               7.00
  Critical Path Length:          0.27
  Critical Path Slack:          -0.27
  Critical Path Clk Period:      0.00
  Total Negative Slack:         -2.22
  No. of Violating Paths:        9.00
  Worst Hold Violation:          0.00
  Total Hold Violation:          0.00
  No. of Hold Violations:        0.00
  -----------------------------------


  Cell Count
  -----------------------------------
  Hierarchical Cell Count:          0
  Hierarchical Port Count:          0
  Leaf Cell Count:                 53
  Buf/Inv Cell Count:              16
  Buf Cell Count:                   4
  Inv Cell Count:                  12
  CT Buf/Inv Cell Count:            0
  Combinational Cell Count:        53
  Sequential Cell Count:            0
  Macro Count:                      0
  -----------------------------------


  Area
  -----------------------------------
  Combinational Area:       48.944000
  Noncombinational Area:     0.000000
  Buf/Inv Area:              9.576000
  Total Buffer Area:             3.19
  Total Inverter Area:           6.38
  Macro/Black Box Area:      0.000000
  Net Area:                  0.000000
  -----------------------------------
  Cell Area:                48.944000
  Design Area:              48.944000


  Design Rules
  -----------------------------------
  Total Number of Nets:            62
  Nets With Violations:             0
  Max Trans Violations:             0
  Max Cap Violations:               0
  -----------------------------------


  Hostname: kamino.ceid.upatras.gr

  Compile CPU Statistics
  -----------------------------------------
  Resource Sharing:                    0.09
  Logic Optimization:                  0.49
  Mapping Optimization:                1.96
  -----------------------------------------
  Overall Compile Time:                4.27
  Overall Compile Wall Clock Time:     4.69

  --------------------------------------------------------------------

  Design  WNS: 0.27  TNS: 2.22  Number of Violating Paths: 9


  Design (Hold)  WNS: 0.00  TNS: 0.00  Number of Violating Paths: 0

  --------------------------------------------------------------------


1
