****************************************
Report : timing
	-path_type full
	-delay_type max
	-max_paths 1
	-sort_by slack
Design : fp_multiplier
Version: S-2021.06-SP1
Date   : Thu Nov 16 11:31:58 2023
****************************************


  Startpoint: a_operand[26]
               (input port clocked by clk)
  Endpoint: result[18] (output port clocked by clk)
  Path Group: clk
  Path Type: max

  Point                                    Incr       Path
  ---------------------------------------------------------------
  clock clk (rise edge)                   0.000      0.000
  clock network delay (ideal)             0.000      0.000
  input external delay                    0.000      0.000 f
  a_operand[26] (in)                      0.000      0.000 f
  U200/ZN (AND2_X1)                       0.038      0.038 f
  U201/ZN (NAND4_X1)                      0.042      0.081 r
  U152/ZN (OAI21_X1)                      0.040      0.121 f
  U230/ZN (INV_X1)                        0.031      0.152 r
  U231/ZN (NAND3_X1)                      0.036      0.188 f
  U232/ZN (AOI21_X1)                      0.065      0.252 r
  U191/ZN (AND2_X2)                       0.062      0.315 r
  U181/ZN (NAND2_X1)                      0.046      0.361 f
  U316/ZN (OR2_X1)                        0.066      0.427 f
  U317/ZN (NAND2_X1)                      0.024      0.451 r
  result[18] (out)                        0.002      0.453 r
  data arrival time                                  0.453

  clock clk (rise edge)                   0.000      0.000
  clock network delay (ideal)             0.000      0.000
  clock reconvergence pessimism           0.000      0.000
  output external delay                   0.000      0.000
  data required time                                 0.000
  ---------------------------------------------------------------
  data required time                                 0.000
  data arrival time                                 -0.453
  ---------------------------------------------------------------
  slack (VIOLATED)                                  -0.453


1
