****************************************
Report : timing
	-path_type full
	-delay_type max
	-max_paths 1
	-sort_by slack
Design : fp_multiplier
Version: S-2021.06-SP1
Date   : Thu Nov 16 11:41:39 2023
****************************************


  Startpoint: b_operand[7]
               (input port clocked by clk)
  Endpoint: result[14] (output port clocked by clk)
  Path Group: clk
  Path Type: max

  Point                                    Incr       Path
  ---------------------------------------------------------------
  clock clk (rise edge)                   0.000      0.000
  clock network delay (ideal)             0.000      0.000
  input external delay                    0.000      0.000 f
  b_operand[7] (in)                       0.000      0.000 f
  U56/ZN (OR2_X1)                         0.056      0.056 f
  U70/ZN (OAI21_X1)                       0.042      0.098 r
  U94/ZN (OAI211_X1)                      0.042      0.140 f
  U101/ZN (NAND3_X1)                      0.046      0.185 r
  U57/Z (MUX2_X1)                         0.081      0.267 f
  U77/ZN (NAND2_X1)                       0.034      0.300 r
  U63/ZN (AND2_X1)                        0.050      0.350 r
  U67/ZN (NAND2_X1)                       0.036      0.386 f
  U151/ZN (NAND2_X1)                      0.029      0.415 r
  result[14] (out)                        0.002      0.417 r
  data arrival time                                  0.417

  clock clk (rise edge)                   0.000      0.000
  clock network delay (ideal)             0.000      0.000
  clock reconvergence pessimism           0.000      0.000
  output external delay                   0.000      0.000
  data required time                                 0.000
  ---------------------------------------------------------------
  data required time                                 0.000
  data arrival time                                 -0.417
  ---------------------------------------------------------------
  slack (VIOLATED)                                  -0.417


1
